((rule
  (alias buildtest)
  (deps test_clic.exe)
  (action (progn)))

 (rule
  (alias runtest_clic_a)
  (action (run %{exe:test_clic.exe} ./)))

 (rule
  (alias runtest_clic_b)
  (action (run %{exe:test_clic.exe} ./)))

 (rule
  (alias runtest_clic_c)
  (action (run %{exe:test_clic.exe} ./)))

 (rule
  (alias runtest)
  (deps (alias runtest_clic))
  (action (progn))))
