((rule
  (alias pre_include)
  (action (run %{exe:foo.exe} preinc)))

 (rule
  (target inc_target_a)
  (action
   (with-outputs-to %{target}
                    (with-accepted-exit-codes (or 0 124 125)
                                              (run %{dep:and_exit_false.exe})))))

 (rule
  (target inc_target_b)
  (action
   (with-outputs-to %{target}
                    (run ../../strip_randomness.exe %{dep:and_exit_false.actual}))))

 (rule
  (alias post_include)
  (action (run %{exe:foo.exe} postinc))))
